// Vitest Snapshot v1, https://vitest.dev/guide/snapshot.html

exports[`F. regression guards on the real corpus > F3 ids are stable — an id is a public URL, renaming one breaks a link 1`] = `
[
  "a-funny-thing-happened-on-the-way-to-thors-hammer",
  "agatha-all-along-s1",
  "agent-carter",
  "agent-carter-one-shot",
  "agents-of-shield",
  "all-hail-the-king",
  "ant-man",
  "ant-man-and-the-wasp",
  "ant-man-and-the-wasp-quantumania",
  "avengers-age-of-ultron",
  "avengers-assemble",
  "avengers-black-panthers-quest",
  "avengers-confidential",
  "avengers-doomsday",
  "avengers-earths-mightiest-heroes",
  "avengers-endgame",
  "avengers-infinity-war",
  "avengers-secret-wars",
  "black-panther",
  "black-panther-3",
  "black-panther-wakanda-forever",
  "black-widow",
  "blade",
  "blade-ii",
  "blade-the-series",
  "blade-trinity",
  "captain-america-1944",
  "captain-america-1979",
  "captain-america-1990",
  "captain-america-brave-new-world",
  "captain-america-civil-war",
  "captain-america-ii-1979",
  "captain-america-the-first-avenger",
  "captain-america-the-winter-soldier",
  "captain-marvel",
  "cloak-and-dagger",
  "daredevil-2003",
  "daredevil-born-again-s1",
  "daredevil-born-again-s2",
  "daredevil-s1",
  "daredevil-s2",
  "daredevil-s3",
  "deadpool",
  "deadpool-2",
  "deadpool-and-wolverine",
  "doctor-strange",
  "doctor-strange-2007",
  "doctor-strange-in-the-multiverse-of-madness",
  "dr-strange-1978",
  "echo-s1",
  "elektra",
  "elektra-the-hand-and-the-devil",
  "eternals",
  "eyes-of-wakanda-s1",
  "fantastic-four-1967",
  "fantastic-four-1994",
  "fantastic-four-2005",
  "fantastic-four-2015",
  "fantastic-four-rise-of-the-silver-surfer",
  "fantastic-four-worlds-greatest-heroes",
  "fred-and-barney-meet-the-thing",
  "generation-x",
  "ghost-rider",
  "ghost-rider-2028",
  "ghost-rider-spirit-of-vengeance",
  "guardians-of-the-galaxy",
  "guardians-of-the-galaxy-2015",
  "guardians-of-the-galaxy-vol-2",
  "guardians-of-the-galaxy-vol-3",
  "hawkeye-s1",
  "helstrom",
  "hit-monkey-s1",
  "hit-monkey-s2",
  "howard-the-duck",
  "hulk-2003",
  "hulk-and-the-agents-of-smash",
  "hulk-vs",
  "hulk-where-monsters-dwell",
  "i-am-groot-s1",
  "i-am-groot-s2",
  "iron-fist-s1",
  "iron-fist-s2",
  "iron-man",
  "iron-man-1994",
  "iron-man-2",
  "iron-man-3",
  "iron-man-armored-adventures",
  "iron-man-captain-america-heroes-united",
  "iron-man-hulk-heroes-united",
  "iron-man-rise-of-technovore",
  "ironheart-s1",
  "item-47",
  "jessica-jones-s1",
  "jessica-jones-s2",
  "jessica-jones-s3",
  "kraven-the-hunter",
  "legion",
  "logan",
  "loki-s1",
  "loki-s2",
  "luke-cage-s1",
  "luke-cage-s2",
  "madame-web",
  "man-thing",
  "marvel-anime-blade",
  "marvel-anime-iron-man",
  "marvel-anime-wolverine",
  "marvel-anime-x-men",
  "marvel-disk-wars-the-avengers",
  "marvel-future-avengers",
  "marvel-rising-secret-warriors",
  "marvel-super-hero-adventures-frost-fight",
  "marvel-zombies-s1",
  "marvels-inhumans",
  "modok-s1",
  "moon-girl-and-devil-dinosaur",
  "moon-knight-s1",
  "morbius",
  "ms-marvel-s1",
  "mutant-x",
  "next-avengers",
  "nick-fury-agent-of-shield",
  "planet-hulk",
  "powers",
  "pryde-of-the-x-men",
  "punisher-war-zone",
  "runaways",
  "secret-invasion-s1",
  "shang-chi-and-the-legend-of-the-ten-rings",
  "she-hulk-attorney-at-law-s1",
  "spider-man",
  "spider-man-1967",
  "spider-man-1977",
  "spider-man-1981",
  "spider-man-1994",
  "spider-man-2",
  "spider-man-2003",
  "spider-man-2017",
  "spider-man-3",
  "spider-man-across-the-spider-verse",
  "spider-man-amazing-friends",
  "spider-man-beyond-the-spider-verse",
  "spider-man-brand-new-day",
  "spider-man-far-from-home",
  "spider-man-homecoming",
  "spider-man-into-the-spider-verse",
  "spider-man-no-way-home",
  "spider-man-toei-1978",
  "spider-man-unlimited",
  "spider-noir-s1",
  "spider-woman-1979",
  "spidey-and-his-amazing-friends",
  "the-amazing-spider-man",
  "the-amazing-spider-man-1977",
  "the-amazing-spider-man-2",
  "the-avengers",
  "the-avengers-united-they-stand",
  "the-consultant",
  "the-death-of-the-incredible-hulk",
  "the-defenders-s1",
  "the-falcon-and-the-winter-soldier-s1",
  "the-fantastic-four-first-steps",
  "the-gifted",
  "the-guardians-of-the-galaxy-holiday-special",
  "the-incredible-hulk",
  "the-incredible-hulk-1978",
  "the-incredible-hulk-1982",
  "the-incredible-hulk-1996",
  "the-incredible-hulk-returns",
  "the-invincible-iron-man",
  "the-marvel-super-heroes-1966",
  "the-marvels",
  "the-new-fantastic-four-1978",
  "the-new-mutants",
  "the-punisher-1989",
  "the-punisher-2004",
  "the-punisher-one-last-kill",
  "the-punisher-s1",
  "the-punisher-s2",
  "the-spectacular-spider-man",
  "the-super-hero-squad-show",
  "the-trial-of-the-incredible-hulk",
  "the-wolverine",
  "thor",
  "thor-love-and-thunder",
  "thor-ragnarok",
  "thor-tales-of-asgard",
  "thor-the-dark-world",
  "thunderbolts",
  "ultimate-avengers",
  "ultimate-avengers-2",
  "ultimate-spider-man",
  "venom",
  "venom-let-there-be-carnage",
  "venom-the-last-dance",
  "visionquest",
  "wandavision-s1",
  "werewolf-by-night",
  "what-if-s1",
  "what-if-s2",
  "what-if-s3",
  "wolverine-and-the-x-men",
  "wonder-man-s1",
  "x-men",
  "x-men-97",
  "x-men-97-s2",
  "x-men-apocalypse",
  "x-men-dark-phoenix",
  "x-men-days-of-future-past",
  "x-men-evolution",
  "x-men-first-class",
  "x-men-origins-wolverine",
  "x-men-the-animated-series",
  "x-men-the-last-stand",
  "x2",
  "your-friendly-neighborhood-spider-man",
]
`;
